// Jest Snapshot v1, https://goo.gl/fbAQLP

exports[`ProposalCard Component renders correctly with all props 1`] = `
<div>
  <div
    data-testid="mock-auth-provider"
  >
    <div
      class="flex flex-col p-4 bg-white rounded-lg shadow-sm border border-gray-200 hover:shadow-md transition-shadow "
      data-testid="proposal-card"
    >
      <div
        class="flex justify-between items-start mb-2"
      >
        <h3
          class="text-lg font-semibold text-gray-900 truncate"
          title="Enterprise Cloud Migration Proposal"
        >
          Enterprise Cloud Migration Proposal
        </h3>
        <span
          class="inline-flex items-center rounded-full font-medium bg-yellow-100 text-yellow-800 px-2.5 py-0.5 text-sm"
        >
          In Review
        </span>
      </div>
      <p
        class="text-sm text-gray-600 mb-3"
      >
        Acme Corporation
      </p>
      <div
        class="grid grid-cols-2 gap-2 mb-3"
      >
        <div
          class="flex flex-col"
        >
          <span
            class="text-xs text-gray-500"
          >
            Value
          </span>
          <span
            class="text-sm font-medium"
          >
            $150,000.00
          </span>
        </div>
        <div
          class="flex flex-col"
        >
          <span
            class="text-xs text-gray-500"
          >
            Win Probability
          </span>
          <span
            class="text-sm font-medium"
          >
            75
            %
          </span>
        </div>
      </div>
      <div
        class="grid grid-cols-2 gap-2 mt-auto pt-2 border-t border-gray-100"
      >
        <div
          class="flex flex-col"
        >
          <span
            class="text-xs text-gray-500"
          >
            Due Date
          </span>
          <span
            class="text-xs"
          >
            7/15/2025
          </span>
        </div>
        <div
          class="flex flex-col"
        >
          <span
            class="text-xs text-gray-500"
          >
            Last Modified
          </span>
          <span
            class="text-xs"
          >
            6/1/2025
          </span>
        </div>
      </div>
    </div>
  </div>
</div>
`;
